// Jest Snapshot v1, https://goo.gl/fbAQLP

exports[`Add a repeated field addNestedRepeated 1`] = `
Immutable.OrderedMap {
  "0": Object {
    "dirtyInput": false,
    "id": "0",
    "idChildren": Immutable.OrderedSet [
      "5",
    ],
    "idParent": "0",
    "name": "",
    "repeated": false,
    "serverType": null,
    "typescriptType": null,
  },
  "5": Object {
    "dirtyInput": false,
    "id": "5",
    "idChildren": Immutable.OrderedSet [
      "6",
      "10",
    ],
    "idParent": "0",
    "name": "Nested Repeated Short Field",
    "repeated": true,
    "serverType": "nestedRepeatedShort",
    "typescriptType": null,
  },
  "6": Object {
    "dirtyInput": false,
    "id": "6",
    "idChildren": Immutable.OrderedSet [
      "7",
    ],
    "idParent": "5",
    "name": "Nested Repeated Short Field",
    "repeated": false,
    "serverType": "nestedRepeatedShort",
    "typescriptType": null,
  },
  "7": Object {
    "dirtyInput": false,
    "id": "7",
    "idChildren": Immutable.OrderedSet [
      "8",
    ],
    "idParent": "6",
    "name": "Nested Short Field",
    "repeated": false,
    "serverType": "repeatedShort",
    "typescriptType": null,
  },
  "8": Object {
    "dirtyInput": false,
    "id": "8",
    "idChildren": Immutable.OrderedSet [
      "9",
    ],
    "idParent": "7",
    "name": "Repeated Short Field",
    "repeated": true,
    "serverType": "Short",
    "typescriptType": null,
  },
  "9": Object {
    "dirtyInput": false,
    "id": "9",
    "idChildren": Immutable.OrderedSet [],
    "idParent": "8",
    "name": "Repeated Short Field",
    "repeated": false,
    "serverType": "Short",
    "typescriptType": "number",
  },
  "10": Object {
    "dirtyInput": false,
    "id": "10",
    "idChildren": Immutable.OrderedSet [
      "11",
    ],
    "idParent": "5",
    "name": "Nested Repeated Short Field",
    "repeated": false,
    "serverType": "nestedRepeatedShort",
    "typescriptType": null,
  },
  "11": Object {
    "dirtyInput": false,
    "id": "11",
    "idChildren": Immutable.OrderedSet [
      "12",
      "14",
    ],
    "idParent": "10",
    "name": "Nested Short Field",
    "repeated": false,
    "serverType": "repeatedShort",
    "typescriptType": null,
  },
  "12": Object {
    "dirtyInput": false,
    "id": "12",
    "idChildren": Immutable.OrderedSet [
      "13",
    ],
    "idParent": "11",
    "name": "Repeated Short Field",
    "repeated": true,
    "serverType": "Short",
    "typescriptType": null,
  },
  "13": Object {
    "dirtyInput": false,
    "id": "13",
    "idChildren": Immutable.OrderedSet [],
    "idParent": "12",
    "name": "Repeated Short Field",
    "repeated": false,
    "serverType": "Short",
    "typescriptType": "number",
  },
  "14": Object {
    "dirtyInput": false,
    "id": "14",
    "idChildren": Immutable.OrderedSet [
      "15",
    ],
    "idParent": "11",
    "name": "Nested Short Field",
    "repeated": false,
    "serverType": "repeatedShort",
    "typescriptType": null,
  },
  "15": Object {
    "dirtyInput": false,
    "id": "15",
    "idChildren": Immutable.OrderedSet [
      "16",
    ],
    "idParent": "14",
    "name": "Repeated Short Field",
    "repeated": true,
    "serverType": "Short",
    "typescriptType": null,
  },
  "16": Object {
    "dirtyInput": false,
    "id": "16",
    "idChildren": Immutable.OrderedSet [],
    "idParent": "15",
    "name": "Repeated Short Field",
    "repeated": false,
    "serverType": "Short",
    "typescriptType": "number",
  },
}
`;

exports[`Add a repeated field addRepeated 1`] = `
Immutable.OrderedMap {
  "0": Object {
    "dirtyInput": false,
    "id": "0",
    "idChildren": Immutable.OrderedSet [
      "1",
    ],
    "idParent": "0",
    "name": "",
    "repeated": false,
    "serverType": null,
    "typescriptType": null,
  },
  "1": Object {
    "dirtyInput": false,
    "id": "1",
    "idChildren": Immutable.OrderedSet [
      "2",
      "3",
      "4",
    ],
    "idParent": "0",
    "name": "Repeated Short Field",
    "repeated": true,
    "serverType": "Short",
    "typescriptType": null,
  },
  "2": Object {
    "dirtyInput": false,
    "id": "2",
    "idChildren": Immutable.OrderedSet [],
    "idParent": "1",
    "name": "Repeated Short Field",
    "repeated": false,
    "serverType": "Short",
    "typescriptType": "number",
  },
  "3": Object {
    "dirtyInput": false,
    "id": "3",
    "idChildren": Immutable.OrderedSet [],
    "idParent": "1",
    "name": "Repeated Short Field",
    "repeated": false,
    "serverType": "Short",
    "typescriptType": "number",
  },
  "4": Object {
    "dirtyInput": false,
    "id": "4",
    "idChildren": Immutable.OrderedSet [],
    "idParent": "1",
    "name": "Repeated Short Field",
    "repeated": false,
    "serverType": "Short",
    "typescriptType": "number",
  },
}
`;
